// Vitest Snapshot v1

exports[`SinglyCircularLinkedList > Check get 1`] = `
[
  2,
  1,
]
`;
